// Jest Snapshot v1, https://goo.gl/fbAQLP

exports[`Header renders blog header 1`] = `
<header
  className="jsx-1124965052"
>
  <section
    className="jsx-1124965052"
  >
    <img
      alt="Amplience logo"
      src="/static/images/logo-380w.png"
      srcSet="/static/images/logo-190w.png 1x, /static/images/logo-380w.png 2x"
    />
    <h1
      className="jsx-1124965052"
    >
      Blog Title
    </h1>
  </section>
</header>
`;
