// Jest Snapshot v1, https://goo.gl/fbAQLP

exports[`Header renders blog header 1`] = `
<section
  className="jsx-4102660572"
>
  <header
    className="jsx-4102660572"
  >
    <a
      className="jsx-4102660572"
      href="/"
      onClick={[Function]}
      onMouseEnter={[Function]}
    >
      <img
        alt="Amplience logo"
        className="jsx-3359351483 logo"
        src="/static/images/logo-340w.png"
        srcSet="/static/images/logo-160w.png 1x, /static/images/logo-340w.png 2x"
      />
    </a>
    <h1
      className="jsx-4102660572"
    >
      Blog Title
    </h1>
  </header>
</section>
`;
