// Jest Snapshot v1, https://goo.gl/fbAQLP

exports[`BlogCardMeta renders full blog card meta 1`] = `
<div
  className="jsx-2519490847 card-meta"
>
  <span
    className="jsx-2519490847"
  >
    by 
    test-name
  </span>
  <span
    className="jsx-2519490847 publish-date"
  >
    13 August, 2019
  </span>
</div>
`;
