// Jest Snapshot v1, https://goo.gl/fbAQLP

exports[`Content should render different types of content - text, image and video 1`] = `
<section
  className="jsx-538569914"
>
  <div
    className="jsx-538569914"
  >
    <img
      alt="Casual crotch shot"
      className="jsx-3162327209"
      sizes="675px,(max-width: 374px) 334px"
      src="//i1-qa.adis.ws/i/bloblogltd/casual-wear"
      srcSet="//i1-qa.adis.ws/i/bloblogltd/casual-wear?w=675&scaleFit=poi&poi=%7B%24this.metadata.pointOfInterest.x%7D%2C%7B%24this.metadata.pointOfInterest.y%7D%2C%7B%24this.metadata.pointOfInterest.w%7D%2C%7B%24this.metadata.pointOfInterest.h%7D 675w,//i1-qa.adis.ws/i/bloblogltd/casual-wear?w=374&scaleFit=poi&poi=%7B%24this.metadata.pointOfInterest.x%7D%2C%7B%24this.metadata.pointOfInterest.y%7D%2C%7B%24this.metadata.pointOfInterest.w%7D%2C%7B%24this.metadata.pointOfInterest.h%7D 374w"
    />
  </div>
  <div
    className="jsx-538569914"
  >
    <h1
      className="jsx-4222339246"
    >
      This is my first Bloblog
    </h1>
    <p
      className="jsx-267446502"
    >
      This is some sample text.
    </p>
    <h2
      className="jsx-4222339246"
    >
      Look-a-header
    </h2>
    <p
      className="jsx-267446502"
    >
      This is some more sample text
    </p>
  </div>
  <div
    className="jsx-538569914 blog-post-video"
  >
    <video
      className="jsx-3974641123"
      controls={true}
    >
      <source
        className="jsx-3974641123"
        src="http://i1-qa.adis.ws/v/bloblogltd/SampleVideo_1280x720_5mb/mp4_240p"
      />
    </video>
  </div>
</section>
`;
