// Jest Snapshot v1, https://goo.gl/fbAQLP

exports[`Content should render different types of content - text, image and video 1`] = `
<React.Fragment>
  <section
    className="jsx-538569914"
  >
    <div
      className="jsx-538569914"
    >
      <Image
        altText="Casual crotch shot"
        dynamicImagingOptions={
          Array [
            Object {
              "w": 675,
            },
            Object {
              "w": 374,
            },
          ]
        }
        src="//i1-qa.adis.ws/i/bloblogltd/casual-wear"
      />
    </div>
    <div
      className="jsx-538569914"
    >
      <ReactMarkdown
        astPlugins={Array []}
        escapeHtml={true}
        parserOptions={Object {}}
        plugins={Array []}
        rawSourcePos={false}
        renderers={
          Object {
            "blockquote": [Function],
            "code": [Function],
            "heading": [Function],
            "inlineCode": [Function],
            "link": [Function],
            "paragraph": [Function],
          }
        }
        skipHtml={false}
        source="# This is my first Bloblog

This is some sample text.

## Look-a-header

This is some more sample text"
        sourcePos={false}
        transformLinkUri={[Function]}
      />
    </div>
    <div
      className="jsx-538569914 blog-post-video"
    >
      <Video
        srcSet={
          Array [
            "http://i1-qa.adis.ws/v/bloblogltd/SampleVideo_1280x720_5mb/mp4_240p",
          ]
        }
        video={
          Object {
            "defaultHost": "i1-qa.adis.ws",
            "endpoint": "bloblogltd",
            "id": "721044de-d125-4a1a-8ddc-2201b9463f2d",
            "mediaType": "v",
            "name": "SampleVideo_1280x720_5mb",
          }
        }
      />
    </div>
  </section>
  <JSXStyle
    dynamic={
      Array [
        "#666666",
        "#cccccc",
        "#cccccc",
        "#f7f7fc",
        "736px",
      ]
    }
    id="1039621377"
  >
    section.__jsx-style-dynamic-selector{color:#666666;display:-webkit-box;display:-webkit-flex;display:-ms-flexbox;display:flex;-webkit-box-pack:start;-webkit-justify-content:flex-start;-ms-flex-pack:start;justify-content:flex-start;-webkit-flex-direction:column;-ms-flex-direction:column;flex-direction:column;-webkit-align-items:flex-start;-webkit-box-align:flex-start;-ms-flex-align:flex-start;align-items:flex-start;padding-bottom:50px;border-bottom:1px solid #cccccc;}section.__jsx-style-dynamic-selector&gt;div.__jsx-style-dynamic-selector{margin-top:75px;width:100%;}section.__jsx-style-dynamic-selector table{border-collapse:collapse;}section.__jsx-style-dynamic-selector th,section.__jsx-style-dynamic-selector td{border:1px solid #cccccc;padding:12px;}section.__jsx-style-dynamic-selector tr:nth-child(odd) td{background-color:#f7f7fc;}@media (max-width:736px){section.__jsx-style-dynamic-selector&gt;div.__jsx-style-dynamic-selector{margin-top:90px;}}
  </JSXStyle>
</React.Fragment>
`;
