// Jest Snapshot v1, https://goo.gl/fbAQLP

exports[`Content should render different types of content - text, image and video 1`] = `
<section
  className="jsx-2757655790"
>
  <div
    className="jsx-2757655790"
  >
    <img
      alt="Casual crotch shot"
      className="jsx-1016004996"
      src="//i1-qa.adis.ws/i/bloblogltd/casual-wear"
    />
  </div>
  <div
    className="jsx-2757655790"
  >
    <h1>
      This is my first Bloblog
    </h1>
    <p>
      This is some sample text.
    </p>
    <h2>
      Look-a-header
    </h2>
    <p>
      This is some more sample text
    </p>
  </div>
  <div
    className="jsx-2757655790 blog-post-video"
  >
    <video
      controls={true}
    >
      <source
        src="http://i1-qa.adis.ws/v/bloblogltd/SampleVideo_1280x720_5mb/mp4_240p"
      />
    </video>
  </div>
</section>
`;
