// Jest Snapshot v1, https://goo.gl/fbAQLP

exports[`Blog page renders Blog page with content 1`] = `
<div
  className="jsx-873644259 site-container"
>
  <section
    className="jsx-3469519543"
  >
    <header
      className="jsx-3469519543"
    >
      <a
        aria-label=""
        className="jsx-3354872520"
        href="/"
      >
        <img
          alt="Amplience logo"
          className="jsx-2718936118 logo"
          src="/static/images/logo-white-100h.png"
          srcSet="/static/images/logo-white-50h.png 1x, /static/images/logo-white-100h.png 2x"
        />
      </a>
      <h1
        className="jsx-3469519543"
      >
        PRODUCT BLOG
      </h1>
    </header>
  </section>
  <div
    className="jsx-873644259 site-content"
  >
    <main
      className="jsx-873644259"
    >
      <div
        className="jsx-2678308288 content-header"
      >
        <section
          className="jsx-3378232041"
        >
          <div
            className="jsx-3378232041 avatars"
          >
            <div
              className="jsx-2854206183"
            >
              <div
                className="jsx-2854206183 avatar"
              >
                <picture>
                  <source
                    srcSet="https://i1.adis.ws/i/blogltd/man-business-suit?&w=36&h=36&sm=c&scaleFit=poi&poi={$this.metadata.pointOfInterest.x},{$this.metadata.pointOfInterest.y},{$this.metadata.pointOfInterest.w},{$this.metadata.pointOfInterest.h}&fmt=webp 1x, https://i1.adis.ws/i/blogltd/man-business-suit?&w=72&h=72&sm=c&scaleFit=poi&poi={$this.metadata.pointOfInterest.x},{$this.metadata.pointOfInterest.y},{$this.metadata.pointOfInterest.w},{$this.metadata.pointOfInterest.h}&fmt=webp 2x"
                    type="image/webp"
                  />
                  <source
                    srcSet="https://i1.adis.ws/i/blogltd/man-business-suit?&w=36&h=36&sm=c&scaleFit=poi&poi={$this.metadata.pointOfInterest.x},{$this.metadata.pointOfInterest.y},{$this.metadata.pointOfInterest.w},{$this.metadata.pointOfInterest.h} 1x, https://i1.adis.ws/i/blogltd/man-business-suit?&w=72&h=72&sm=c&scaleFit=poi&poi={$this.metadata.pointOfInterest.x},{$this.metadata.pointOfInterest.y},{$this.metadata.pointOfInterest.w},{$this.metadata.pointOfInterest.h} 2x"
                  />
                  <img
                    alt="The dashing Sir Blog avatar"
                    src="https://i1.adis.ws/i/blogltd/man-business-suit?&w=36&h=36&sm=c&scaleFit=poi&poi={$this.metadata.pointOfInterest.x},{$this.metadata.pointOfInterest.y},{$this.metadata.pointOfInterest.w},{$this.metadata.pointOfInterest.h}"
                  />
                </picture>
              </div>
            </div>
          </div>
          <div
            className="jsx-3378232041 publish-data"
          >
            <div
              className="jsx-3378232041 authors"
            >
              <div
                className="jsx-3680733511 name"
              >
                Sir Blog
              </div>
            </div>
            <div
              className="jsx-3378232041 publish-metadata"
            >
              <div
                className="jsx-3378232041 date"
              >
                August 07, 2019
              </div>
              <div
                className="jsx-3378232041 readTime"
              >
                12
                 mins read
              </div>
            </div>
          </div>
        </section>
        <section
          className="jsx-3528769338"
        >
          <h1
            className="jsx-2799736912"
          >
            My First Blog Post
          </h1>
          <h2
            className="jsx-1054465095"
          >
            Some text for the description that explains this blog post
          </h2>
        </section>
      </div>
      <div
        className="jsx-2678308288 blog-image"
      >
        <picture>
          <source
            media="(min-width: 1080px)"
            srcSet="https://i1.adis.ws/i/blogltd/friends-shopping-bags?&w=2048&sm=c&scaleFit=poi&poi={$this.metadata.pointOfInterest.x},{$this.metadata.pointOfInterest.y},{$this.metadata.pointOfInterest.w},{$this.metadata.pointOfInterest.h}&fmt=webp 1x, https://i1.adis.ws/i/blogltd/friends-shopping-bags?&w=4096&sm=c&scaleFit=poi&poi={$this.metadata.pointOfInterest.x},{$this.metadata.pointOfInterest.y},{$this.metadata.pointOfInterest.w},{$this.metadata.pointOfInterest.h}&fmt=webp 2x"
            type="image/webp"
          />
          <source
            media="(min-width: 768px)"
            srcSet="https://i1.adis.ws/i/blogltd/friends-shopping-bags?&w=1080&sm=c&scaleFit=poi&poi={$this.metadata.pointOfInterest.x},{$this.metadata.pointOfInterest.y},{$this.metadata.pointOfInterest.w},{$this.metadata.pointOfInterest.h}&fmt=webp 1x, https://i1.adis.ws/i/blogltd/friends-shopping-bags?&w=2160&sm=c&scaleFit=poi&poi={$this.metadata.pointOfInterest.x},{$this.metadata.pointOfInterest.y},{$this.metadata.pointOfInterest.w},{$this.metadata.pointOfInterest.h}&fmt=webp 2x"
            type="image/webp"
          />
          <source
            media="(min-width: 480px)"
            srcSet="https://i1.adis.ws/i/blogltd/friends-shopping-bags?&w=768&sm=c&scaleFit=poi&poi={$this.metadata.pointOfInterest.x},{$this.metadata.pointOfInterest.y},{$this.metadata.pointOfInterest.w},{$this.metadata.pointOfInterest.h}&fmt=webp 1x, https://i1.adis.ws/i/blogltd/friends-shopping-bags?&w=1536&sm=c&scaleFit=poi&poi={$this.metadata.pointOfInterest.x},{$this.metadata.pointOfInterest.y},{$this.metadata.pointOfInterest.w},{$this.metadata.pointOfInterest.h}&fmt=webp 2x"
            type="image/webp"
          />
          <source
            srcSet="https://i1.adis.ws/i/blogltd/friends-shopping-bags?&w=480&sm=c&scaleFit=poi&poi={$this.metadata.pointOfInterest.x},{$this.metadata.pointOfInterest.y},{$this.metadata.pointOfInterest.w},{$this.metadata.pointOfInterest.h}&fmt=webp 1x, https://i1.adis.ws/i/blogltd/friends-shopping-bags?&w=960&sm=c&scaleFit=poi&poi={$this.metadata.pointOfInterest.x},{$this.metadata.pointOfInterest.y},{$this.metadata.pointOfInterest.w},{$this.metadata.pointOfInterest.h}&fmt=webp 2x"
            type="image/webp"
          />
          <source
            media="(min-width: 1080px)"
            srcSet="https://i1.adis.ws/i/blogltd/friends-shopping-bags?&w=2048&sm=c&scaleFit=poi&poi={$this.metadata.pointOfInterest.x},{$this.metadata.pointOfInterest.y},{$this.metadata.pointOfInterest.w},{$this.metadata.pointOfInterest.h} 1x, https://i1.adis.ws/i/blogltd/friends-shopping-bags?&w=4096&sm=c&scaleFit=poi&poi={$this.metadata.pointOfInterest.x},{$this.metadata.pointOfInterest.y},{$this.metadata.pointOfInterest.w},{$this.metadata.pointOfInterest.h} 2x"
          />
          <source
            media="(min-width: 768px)"
            srcSet="https://i1.adis.ws/i/blogltd/friends-shopping-bags?&w=1080&sm=c&scaleFit=poi&poi={$this.metadata.pointOfInterest.x},{$this.metadata.pointOfInterest.y},{$this.metadata.pointOfInterest.w},{$this.metadata.pointOfInterest.h} 1x, https://i1.adis.ws/i/blogltd/friends-shopping-bags?&w=2160&sm=c&scaleFit=poi&poi={$this.metadata.pointOfInterest.x},{$this.metadata.pointOfInterest.y},{$this.metadata.pointOfInterest.w},{$this.metadata.pointOfInterest.h} 2x"
          />
          <source
            media="(min-width: 480px)"
            srcSet="https://i1.adis.ws/i/blogltd/friends-shopping-bags?&w=768&sm=c&scaleFit=poi&poi={$this.metadata.pointOfInterest.x},{$this.metadata.pointOfInterest.y},{$this.metadata.pointOfInterest.w},{$this.metadata.pointOfInterest.h} 1x, https://i1.adis.ws/i/blogltd/friends-shopping-bags?&w=1536&sm=c&scaleFit=poi&poi={$this.metadata.pointOfInterest.x},{$this.metadata.pointOfInterest.y},{$this.metadata.pointOfInterest.w},{$this.metadata.pointOfInterest.h} 2x"
          />
          <source
            srcSet="https://i1.adis.ws/i/blogltd/friends-shopping-bags?&w=480&sm=c&scaleFit=poi&poi={$this.metadata.pointOfInterest.x},{$this.metadata.pointOfInterest.y},{$this.metadata.pointOfInterest.w},{$this.metadata.pointOfInterest.h} 1x, https://i1.adis.ws/i/blogltd/friends-shopping-bags?&w=960&sm=c&scaleFit=poi&poi={$this.metadata.pointOfInterest.x},{$this.metadata.pointOfInterest.y},{$this.metadata.pointOfInterest.w},{$this.metadata.pointOfInterest.h} 2x"
          />
          <img
            alt="crotch bags"
            src="https://i1.adis.ws/i/blogltd/friends-shopping-bags?&w=480&sm=c&scaleFit=poi&poi={$this.metadata.pointOfInterest.x},{$this.metadata.pointOfInterest.y},{$this.metadata.pointOfInterest.w},{$this.metadata.pointOfInterest.h}"
          />
        </picture>
      </div>
      <div
        className="jsx-2678308288 content-wrapper"
      >
        <section
          className="jsx-1163017566"
        >
          <div
            className="jsx-1163017566 content-placeholder"
          />
          <div
            className="jsx-1163017566 content-placeholder"
          />
          <div
            className="jsx-1163017566 content-placeholder"
          />
        </section>
      </div>
      <div
        className="jsx-3936729912 content-footer"
      >
        <section
          className="jsx-2442235184"
        >
          <h3
            className="jsx-2442235184"
          >
            Share the post
          </h3>
          <div
            className="jsx-2442235184"
          >
            <div
              className="jsx-2442235184"
              dangerouslySetInnerHTML={
                Object {
                  "__html": "<script async src=\\"https://platform.linkedin.com/in.js\\" type=\\"text/javascript\\">lang: en_US</script><script type=\\"IN/Share\\" data-url=mocked-path></script>",
                }
              }
              suppressHydrationWarning={true}
            />
            <div
              className="jsx-2442235184"
              dangerouslySetInnerHTML={
                Object {
                  "__html": "<a href=\\"https://twitter.com/share?ref_src=twsrc%5Etfw\\" class=\\"twitter-share-button\\" data-text=My First Blog Post data-show-count=\\"false\\">Tweet</a><script async src=\\"https://platform.twitter.com/widgets.js\\" charSet=\\"utf-8\\"></script>",
                }
              }
              suppressHydrationWarning={true}
            />
          </div>
        </section>
      </div>
    </main>
    <footer
      className="jsx-27833366"
    >
      <section
        className="jsx-27833366"
      >
        <div
          className="jsx-27833366 footer-info"
        >
          <div
            className="jsx-27833366 footer-info-top"
          >
            <img
              alt="Amplience logo"
              className="jsx-2718936118 logo"
              src="/static/images/logo-100h.png"
              srcSet="/static/images/logo-50h.png 1x, /static/images/logo-100h.png 2x"
            />
            <div
              className="jsx-27833366 social-links"
            >
              <a
                className="jsx-3655793200"
                href="//twitter.com/amplience"
                rel="noreferrer"
                target="_new"
              >
                <img
                  alt="Twitter logo"
                  className="jsx-27833366"
                  src="/static/images/social/ic_twitter.svg"
                />
              </a>
              <a
                className="jsx-3655793200"
                href="//www.linkedin.com/company/amplience/"
                rel="noreferrer"
                target="_new"
              >
                <img
                  alt="Linkedin logo"
                  className="jsx-27833366"
                  src="/static/images/social/ic_linkedin.svg"
                />
              </a>
            </div>
          </div>
          <div
            className="jsx-27833366 copyright"
          >
            © Copyright Amplience 
            2019
          </div>
        </div>
        <div
          className="jsx-27833366 footer-links"
        >
          <section
            className="jsx-287747732 footer-links-section"
          >
            <h4
              className="jsx-287747732"
            >
              For Developers
            </h4>
            <ul
              className="jsx-287747732"
            >
              <li>
                <a
                  className="jsx-3655793200"
                  href="//github.com/amplience/"
                  rel="noreferrer"
                  target="_new"
                >
                  GitHub
                </a>
              </li>
              <li>
                <a
                  className="jsx-3655793200"
                  href="//stackoverflow.com/questions/tagged/amplience-dynamic-content"
                  rel="noreferrer"
                  target="_new"
                >
                  Stack Overflow
                </a>
              </li>
              <li>
                <a
                  className="jsx-3655793200"
                  href="//docs.amplience.net/integration/developergettingstarted.html"
                  rel="noreferrer"
                  target="_new"
                >
                  Dynamic Content docs
                </a>
              </li>
              <li>
                <a
                  className="jsx-3655793200"
                  href="//docs.amplience.net/contenthub.html"
                  rel="noreferrer"
                  target="_new"
                >
                  Content Hub docs
                </a>
              </li>
              <li>
                <a
                  className="jsx-3655793200"
                  href="//docs.amplience.net/integration/reference.html"
                  rel="noreferrer"
                  target="_new"
                >
                  API reference
                </a>
              </li>
            </ul>
          </section>
          <section
            className="jsx-287747732 footer-links-section"
          >
            <h4
              className="jsx-287747732"
            >
              Company
            </h4>
            <ul
              className="jsx-287747732"
            >
              <li>
                <a
                  className="jsx-3655793200"
                  href="//amplience.com"
                  rel="noreferrer"
                  target="_new"
                >
                  Website
                </a>
              </li>
              <li>
                <a
                  className="jsx-3655793200"
                  href="//amplience.com/careers"
                  rel="noreferrer"
                  target="_new"
                >
                  Careers
                </a>
              </li>
              <li>
                <a
                  className="jsx-3655793200"
                  href="//amplience.com/privacy-cookie-policy"
                  rel="noreferrer"
                  target="_new"
                >
                  Privacy policy
                </a>
              </li>
              <li>
                <a
                  className="jsx-3655793200"
                  href="//docs.amplience.net/releasenotes/readme.html"
                  rel="noreferrer"
                  target="_new"
                >
                  What\`s new
                </a>
              </li>
            </ul>
          </section>
        </div>
      </section>
    </footer>
    <div
      className="cookieConsent "
      style={
        Object {
          "alignItems": "center",
          "background": "rgba(255, 255, 255, 0.9)",
          "bottom": "0",
          "boxShadow": "20px 20px 20px 10px #000",
          "color": "#333",
          "flexDirection": "column",
          "position": "fixed",
          "textAlign": "center",
          "width": "100%",
          "zIndex": 1,
        }
      }
    >
      <div
        className="cookie-banner-content"
        style={
          Object {
            "padding": "20px 0px 10px",
          }
        }
      >
        We use cookies to give you the best possible experience on our website. By continuing to browse this site, you give consent for cookies to be used. For more details please read our
         
        <a
          href="https://amplience.com/privacy-cookie-policy/"
          rel="noreferrer"
          target="_blank"
        >
          Cookie Policy
        </a>
        .
      </div>
      <button
        className="cookie-banner-btn"
        id=""
        onClick={[Function]}
        style={
          Object {
            "background": "#fff",
            "border": "3px solid #CCC",
            "borderRadius": "5px",
            "color": "#333",
            "marginBottom": "10px",
          }
        }
      >
        Accept Cookies
      </button>
    </div>
    <script
      async={true}
      src="https://www.google-analytics.com/analytics.js"
    />
    <script
      dangerouslySetInnerHTML={
        Object {
          "__html": "window.ga=window.ga||function(){(ga.q = ga.q || []).push(arguments)};ga.l=+new Date; ga('create', 'ga-tracking-id', 'auto'); ga('send', 'pageview');",
        }
      }
    />
  </div>
</div>
`;
