// Jest Snapshot v1, https://goo.gl/fbAQLP

exports[`Index renders index with content 1`] = `
Array [
  <h1>
    dc-static-site-nextjs
  </h1>,
  <p>
    Content retrieved using Amplience Dynamic Content:
  </p>,
  <pre>
    {"_meta":{"schema":"http://example.com/schema.json","deliveryId":"delivery-id","name":"content-name"}}
  </pre>,
]
`;
