// Jest Snapshot v1, https://goo.gl/fbAQLP

exports[`Index renders index with content 1`] = `
Array [
  <div>
    <h1>
      some title
    </h1>
    <h2>
      some description
    </h2>
  </div>,
  <main>
    <pre>
      {
  "_meta": {
    "schema": "http://example.com/schema.json",
    "deliveryId": "delivery-id",
    "name": "content-name"
  }
}
    </pre>
  </main>,
]
`;
