// Jest Snapshot v1, https://goo.gl/fbAQLP

exports[`SharePost should render using the process.env.URL is defined 1`] = `
<section
  className="jsx-2442235184"
>
  <h3
    className="jsx-2442235184"
  >
    Share the post
  </h3>
  <div
    className="jsx-2442235184"
  >
    <div
      className="jsx-2442235184"
    >
      <script
        className="jsx-2442235184"
        data-url="mocked-path"
        type="IN/Share"
      />
    </div>
    <div
      className="jsx-2442235184"
    >
      <a
        className="jsx-2442235184 twitter-share-button"
        data-show-count="false"
        data-text="Testing Title"
        href="https://twitter.com/share?ref_src=twsrc%5Etfw"
      >
        Tweet
      </a>
    </div>
  </div>
</section>
`;

exports[`SharePost should render when process.env.BASE_URL is undefined 1`] = `
<section
  className="jsx-2442235184"
>
  <h3
    className="jsx-2442235184"
  >
    Share the post
  </h3>
  <div
    className="jsx-2442235184"
  >
    <div
      className="jsx-2442235184"
    >
      <script
        className="jsx-2442235184"
        data-url="mocked-path"
        type="IN/Share"
      />
    </div>
    <div
      className="jsx-2442235184"
    >
      <a
        className="jsx-2442235184 twitter-share-button"
        data-show-count="false"
        data-text="Testing Title"
        href="https://twitter.com/share?ref_src=twsrc%5Etfw"
      >
        Tweet
      </a>
    </div>
  </div>
</section>
`;
