// Jest Snapshot v1, https://goo.gl/fbAQLP

exports[`Video should render an video 1`] = `
<video
  className="jsx-3225249795"
  controls={true}
>
  <source
    className="jsx-3225249795"
    src="http://i1-qa.adis.ws/v/bloblogltd/SampleVideo_1280x720_5mb/mp4_240p"
  />
</video>
`;

exports[`Video should render an video 2`] = `""`;
