// Jest Snapshot v1, https://goo.gl/fbAQLP

exports[`BlogCard renders full blog card 1`] = `
<section
  className="jsx-4116127750"
>
  <a
    aria-label="blog-post-test"
    className="jsx-3354872520"
    href="/blog/url-slug"
  >
    <article
      className="jsx-4116127750"
    >
      <div
        className="jsx-4116127750 blog-card-image"
      >
        <div
          className="image-mock"
        />
      </div>
      <div
        className="jsx-4116127750 blog-card-content"
      >
        <h1
          className="jsx-4116127750"
        >
          blog-post-test
        </h1>
        <div
          className="blog-card-meta-mock"
        />
        <p
          className="jsx-4116127750"
        >
          blog-post-description
        </p>
      </div>
    </article>
  </a>
</section>
`;
