// Jest Snapshot v1, https://goo.gl/fbAQLP

exports[`HeroBanner renders hero banner with title and subtitle 1`] = `
<section
  className="jsx-607688792"
>
  <h1
    className="jsx-641291359"
  />
</section>
`;

exports[`HeroBanner renders hero banner with title only 1`] = `
<section
  className="jsx-607688792"
>
  <h1
    className="jsx-641291359"
  />
</section>
`;
